Archive member included because of file (symbol)

c:/program files/atmel/atmel toolchain/avr8 gcc/native/3.4.1061/avr8-gnu-toolchain/bin/../lib/gcc/avr/4.8.1/../../../../avr/lib/avr5\libm.a(floatsisf.o)
                              main.o (__floatunsisf)
C:\Users\neutron\Dropbox\AVR\arduino_test\arduino_test\libcore.a(wiring.c.o)
                              i2c.o (millis)
C:\Users\neutron\Dropbox\AVR\arduino_test\arduino_test\libcore.a(wiring_analog.c.o)
                              main.o (analogReference)
C:\Users\neutron\Dropbox\AVR\arduino_test\arduino_test\libcore.a(wiring_digital.c.o)
                              main.o (pinMode)
C:\Users\neutron\Dropbox\AVR\arduino_test\arduino_test\libcore.a(HardwareSerial.cpp.o)
                              main.o (Serial)
C:\Users\neutron\Dropbox\AVR\arduino_test\arduino_test\libcore.a(new.cpp.o)
                              C:\Users\neutron\Dropbox\AVR\arduino_test\arduino_test\libcore.a(HardwareSerial.cpp.o) (__cxa_pure_virtual)
C:\Users\neutron\Dropbox\AVR\arduino_test\arduino_test\libcore.a(Print.cpp.o)
                              C:\Users\neutron\Dropbox\AVR\arduino_test\arduino_test\libcore.a(HardwareSerial.cpp.o) (_ZN5Print5writeEPKhj)
C:\Users\neutron\Dropbox\AVR\arduino_test\arduino_test\libcore.a(WMath.cpp.o)
                              main.o (_Z3maplllll)
C:\Users\neutron\Dropbox\AVR\arduino_test\arduino_test\libcore.a(WString.cpp.o)
                              C:\Users\neutron\Dropbox\AVR\arduino_test\arduino_test\libcore.a(Print.cpp.o) (_ZNK6StringixEj)
c:/program files/atmel/atmel toolchain/avr8 gcc/native/3.4.1061/avr8-gnu-toolchain/bin/../lib/gcc/avr/4.8.1/../../../../avr/lib/avr5\libm.a(addsf3.o)
                              C:\Users\neutron\Dropbox\AVR\arduino_test\arduino_test\libcore.a(Print.cpp.o) (__subsf3)
c:/program files/atmel/atmel toolchain/avr8 gcc/native/3.4.1061/avr8-gnu-toolchain/bin/../lib/gcc/avr/4.8.1/../../../../avr/lib/avr5\libm.a(addsf3x.o)
                              c:/program files/atmel/atmel toolchain/avr8 gcc/native/3.4.1061/avr8-gnu-toolchain/bin/../lib/gcc/avr/4.8.1/../../../../avr/lib/avr5\libm.a(addsf3.o) (__addsf3x)
c:/program files/atmel/atmel toolchain/avr8 gcc/native/3.4.1061/avr8-gnu-toolchain/bin/../lib/gcc/avr/4.8.1/../../../../avr/lib/avr5\libm.a(cmpsf2.o)
                              C:\Users\neutron\Dropbox\AVR\arduino_test\arduino_test\libcore.a(Print.cpp.o) (__ltsf2)
c:/program files/atmel/atmel toolchain/avr8 gcc/native/3.4.1061/avr8-gnu-toolchain/bin/../lib/gcc/avr/4.8.1/../../../../avr/lib/avr5\libm.a(divsf3.o)
                              C:\Users\neutron\Dropbox\AVR\arduino_test\arduino_test\libcore.a(Print.cpp.o) (__divsf3)
c:/program files/atmel/atmel toolchain/avr8 gcc/native/3.4.1061/avr8-gnu-toolchain/bin/../lib/gcc/avr/4.8.1/../../../../avr/lib/avr5\libm.a(divsf3x.o)
                              c:/program files/atmel/atmel toolchain/avr8 gcc/native/3.4.1061/avr8-gnu-toolchain/bin/../lib/gcc/avr/4.8.1/../../../../avr/lib/avr5\libm.a(divsf3.o) (__divsf3x)
c:/program files/atmel/atmel toolchain/avr8 gcc/native/3.4.1061/avr8-gnu-toolchain/bin/../lib/gcc/avr/4.8.1/../../../../avr/lib/avr5\libm.a(fixsfsi.o)
                              C:\Users\neutron\Dropbox\AVR\arduino_test\arduino_test\libcore.a(Print.cpp.o) (__fixsfsi)
c:/program files/atmel/atmel toolchain/avr8 gcc/native/3.4.1061/avr8-gnu-toolchain/bin/../lib/gcc/avr/4.8.1/../../../../avr/lib/avr5\libm.a(fixunssfsi.o)
                              C:\Users\neutron\Dropbox\AVR\arduino_test\arduino_test\libcore.a(Print.cpp.o) (__fixunssfsi)
c:/program files/atmel/atmel toolchain/avr8 gcc/native/3.4.1061/avr8-gnu-toolchain/bin/../lib/gcc/avr/4.8.1/../../../../avr/lib/avr5\libm.a(fp_cmp.o)
                              c:/program files/atmel/atmel toolchain/avr8 gcc/native/3.4.1061/avr8-gnu-toolchain/bin/../lib/gcc/avr/4.8.1/../../../../avr/lib/avr5\libm.a(cmpsf2.o) (__fp_cmp)
c:/program files/atmel/atmel toolchain/avr8 gcc/native/3.4.1061/avr8-gnu-toolchain/bin/../lib/gcc/avr/4.8.1/../../../../avr/lib/avr5\libm.a(fp_inf.o)
                              c:/program files/atmel/atmel toolchain/avr8 gcc/native/3.4.1061/avr8-gnu-toolchain/bin/../lib/gcc/avr/4.8.1/../../../../avr/lib/avr5\libm.a(addsf3x.o) (__fp_inf)
c:/program files/atmel/atmel toolchain/avr8 gcc/native/3.4.1061/avr8-gnu-toolchain/bin/../lib/gcc/avr/4.8.1/../../../../avr/lib/avr5\libm.a(fp_nan.o)
                              c:/program files/atmel/atmel toolchain/avr8 gcc/native/3.4.1061/avr8-gnu-toolchain/bin/../lib/gcc/avr/4.8.1/../../../../avr/lib/avr5\libm.a(addsf3x.o) (__fp_nan)
c:/program files/atmel/atmel toolchain/avr8 gcc/native/3.4.1061/avr8-gnu-toolchain/bin/../lib/gcc/avr/4.8.1/../../../../avr/lib/avr5\libm.a(fp_pscA.o)
                              c:/program files/atmel/atmel toolchain/avr8 gcc/native/3.4.1061/avr8-gnu-toolchain/bin/../lib/gcc/avr/4.8.1/../../../../avr/lib/avr5\libm.a(addsf3x.o) (__fp_pscA)
[...]
Memory Configuration

Name             Origin             Length             Attributes
text             0x00000000         0x00020000         xr
data             0x00800060         0x0000ffa0         rw !x
eeprom           0x00810000         0x00010000         rw !x
fuse             0x00820000         0x00000400         rw !x
lock             0x00830000         0x00000400         rw !x
signature        0x00840000         0x00000400         rw !x
user_signatures  0x00850000         0x00000400         rw !x
*default*        0x00000000         0xffffffff

Linker script and memory map

Address of section .data set to 0x800100
LOAD c:/program files/atmel/atmel toolchain/avr8 gcc/native/3.4.1061/avr8-gnu-toolchain/bin/../lib/gcc/avr/4.8.1/../../../../avr/lib/avr5/crtm328p.o
LOAD GPIO.o
LOAD i2c.o
LOAD main.o
LOAD myStack.o
START GROUP
LOAD c:/program files/atmel/atmel toolchain/avr8 gcc/native/3.4.1061/avr8-gnu-toolchain/bin/../lib/gcc/avr/4.8.1/../../../../avr/lib/avr5\libm.a
LOAD C:\Users\neutron\Dropbox\AVR\arduino_test\arduino_test\libcore.a
END GROUP
LOAD c:/program files/atmel/atmel toolchain/avr8 gcc/native/3.4.1061/avr8-gnu-toolchain/bin/../lib/gcc/avr/4.8.1/avr5\libgcc.a
LOAD c:/program files/atmel/atmel toolchain/avr8 gcc/native/3.4.1061/avr8-gnu-toolchain/bin/../lib/gcc/avr/4.8.1/../../../../avr/lib/avr5\libm.a
START GROUP
LOAD c:/program files/atmel/atmel toolchain/avr8 gcc/native/3.4.1061/avr8-gnu-toolchain/bin/../lib/gcc/avr/4.8.1/avr5\libgcc.a
LOAD c:/program files/atmel/atmel toolchain/avr8 gcc/native/3.4.1061/avr8-gnu-toolchain/bin/../lib/gcc/avr/4.8.1/../../../../avr/lib/avr5\libm.a
LOAD c:/program files/atmel/atmel toolchain/avr8 gcc/native/3.4.1061/avr8-gnu-toolchain/bin/../lib/gcc/avr/4.8.1/../../../../avr/lib/avr5\libc.a
END GROUP

.hash
 *(.hash)

.dynsym
 *(.dynsym)

.dynstr
 *(.dynstr)

.gnu.version
 *(.gnu.version)

.gnu.version_d
 *(.gnu.version_d)

.gnu.version_r
 *(.gnu.version_r)

.rel.init
 *(.rel.init)

.rela.init
 *(.rela.init)

.rel.text
 *(.rel.text)
 *(.rel.text.*)
 *(.rel.gnu.linkonce.t*)

.rela.text
 *(.rela.text)
 *(.rela.text.*)
 *(.rela.gnu.linkonce.t*)

.rel.fini
 *(.rel.fini)

.rela.fini
 *(.rela.fini)

.rel.rodata
 *(.rel.rodata)
 *(.rel.rodata.*)
 *(.rel.gnu.linkonce.r*)

.rela.rodata
 *(.rela.rodata)
 *(.rela.rodata.*)
 *(.rela.gnu.linkonce.r*)

.rel.data
 *(.rel.data)
 *(.rel.data.*)
 *(.rel.gnu.linkonce.d*)

.rela.data
 *(.rela.data)
 *(.rela.data.*)
 *(.rela.gnu.linkonce.d*)

.rel.ctors
 *(.rel.ctors)

.rela.ctors
 *(.rela.ctors)

.rel.dtors
 *(.rel.dtors)

.rela.dtors
 *(.rela.dtors)

.rel.got
 *(.rel.got)

.rela.got
 *(.rela.got)

.rel.bss
 *(.rel.bss)

.rela.bss
 *(.rela.bss)

.rel.plt
 *(.rel.plt)

.rela.plt
 *(.rela.plt)

.text           0x00000000     0x1196
 *(.vectors)
 .vectors       0x00000000       0x68 c:/program files/atmel/atmel toolchain/avr8 gcc/native/3.4.1061/avr8-gnu-toolchain/bin/../lib/gcc/avr/4.8.1/../../../../avr/lib/avr5/crtm328p.o
                0x00000000                __vector_default
                0x00000000                __vectors
 *(.vectors)
 *(.progmem.gcc*)
 .progmem.gcc_sw_table._Z11setBinValueh
                0x00000068       0x20 main.o
                0x00000088                . = ALIGN (0x2)
                0x00000088                __trampolines_start = .
 *(.trampolines)
 .trampolines   0x00000088        0x0 linker stubs
 *(.trampolines*)
                0x00000088                __trampolines_end = .
 *(.progmem*)
 .progmem.data._ZZ5setupE3__c_0
                0x00000088       0x2d main.o
 .progmem.data._ZZ5setupE3__c
                0x000000b5       0x31 main.o
 .progmem.data  0x000000e6       0x5a C:\Users\neutron\Dropbox\AVR\arduino_test\arduino_test\libcore.a(wiring_digital.c.o)
                0x000000e6                port_to_mode_PGM
                0x000000f0                port_to_output_PGM
                0x000000fa                port_to_input_PGM
                0x00000104                digital_pin_to_port_PGM
                0x00000118                digital_pin_to_bit_mask_PGM
                0x0000012c                digital_pin_to_timer_PGM
                0x00000140                . = ALIGN (0x2)
 *(.jumptables)
 *(.jumptables*)
 *(.lowtext)
 *(.lowtext*)
                0x00000140                __ctors_start = .
 *(.ctors)
 .ctors         0x00000140        0x2 C:\Users\neutron\Dropbox\AVR\arduino_test\arduino_test\libcore.a(HardwareSerial.cpp.o)
                0x00000142                __ctors_end = .
                0x00000142                __dtors_start = .
 *(.dtors)
                0x00000142                __dtors_end = .
 SORT(*)(.ctors)
 SORT(*)(.dtors)
 *(.init0)
 .init0         0x00000142        0x0 c:/program files/atmel/atmel toolchain/avr8 gcc/native/3.4.1061/avr8-gnu-toolchain/bin/../lib/gcc/avr/4.8.1/../../../../avr/lib/avr5/crtm328p.o
                0x00000142                __init
 *(.init0)
 *(.init1)
 *(.init1)
 *(.init2)
 .init2         0x00000142        0xc c:/program files/atmel/atmel toolchain/avr8 gcc/native/3.4.1061/avr8-gnu-toolchain/bin/../lib/gcc/avr/4.8.1/../../../../avr/lib/avr5/crtm328p.o
 *(.init2)
 *(.init3)
 *(.init3)
 *(.init4)
 .init4         0x0000014e       0x16 c:/program files/atmel/atmel toolchain/avr8 gcc/native/3.4.1061/avr8-gnu-toolchain/bin/../lib/gcc/avr/4.8.1/avr5\libgcc.a(_copy_data.o)
                0x0000014e                __do_copy_data
 .init4         0x00000164       0x10 c:/program files/atmel/atmel toolchain/avr8 gcc/native/3.4.1061/avr8-gnu-toolchain/bin/../lib/gcc/avr/4.8.1/avr5\libgcc.a(_clear_bss.o)
                0x00000164                __do_clear_bss
 *(.init4)
 *(.init5)
 *(.init5)
 *(.init6)
 .init6         0x00000174       0x16 c:/program files/atmel/atmel toolchain/avr8 gcc/native/3.4.1061/avr8-gnu-toolchain/bin/../lib/gcc/avr/4.8.1/avr5\libgcc.a(_ctors.o)
                0x00000174                __do_global_ctors
 *(.init6)
 *(.init7)
 *(.init7)
 *(.init8)
 *(.init8)
 *(.init9)
 .init9         0x0000018a        0x8 c:/program files/atmel/atmel toolchain/avr8 gcc/native/3.4.1061/avr8-gnu-toolchain/bin/../lib/gcc/avr/4.8.1/../../../../avr/lib/avr5/crtm328p.o
 *(.init9)
 *(.text)
 .text          0x00000192        0x4 c:/program files/atmel/atmel toolchain/avr8 gcc/native/3.4.1061/avr8-gnu-toolchain/bin/../lib/gcc/avr/4.8.1/../../../../avr/lib/avr5/crtm328p.o
                0x00000192                __vector_22
                0x00000192                __vector_1
                0x00000192                __vector_24
                0x00000192                __vector_12
                0x00000192                __bad_interrupt
                0x00000192                __vector_6
                0x00000192                __vector_3
                0x00000192                __vector_23
                0x00000192                __vector_25
                0x00000192                __vector_11
                0x00000192                __vector_13
                0x00000192                __vector_17
                0x00000192                __vector_7
                0x00000192                __vector_5
                0x00000192                __vector_4
                0x00000192                __vector_9
                0x00000192                __vector_2
                0x00000192                __vector_21
                0x00000192                __vector_15
                0x00000192                __vector_8
                0x00000192                __vector_14
                0x00000192                __vector_10
                0x00000192                __vector_20
                0x00000196                . = ALIGN (0x2)
 *(.text.*)
 .text._Z8i2c_initm
                0x00000196       0x40 i2c.o
                0x00000196                _Z8i2c_initm
 .text._Z9i2c_startv
                0x000001d6       0x96 i2c.o
                0x000001d6                _Z9i2c_startv
 .text._Z8i2c_stopv
                0x0000026c        0x8 i2c.o
                0x0000026c                _Z8i2c_stopv
 .text._Z12i2c_transmith
                0x00000274       0x9a i2c.o
                0x00000274                _Z12i2c_transmith
 .text._Z12i2c_tx_sla_wh
                0x0000030e        0x8 i2c.o
                0x0000030e                _Z12i2c_tx_sla_wh
 .text._Z10uart_writeh
                0x00000316       0x1a main.o
                0x00000316                _Z10uart_writeh
 .text._Z9u_print_pPKc
                0x00000330       0x28 main.o
                0x00000330                _Z9u_print_pPKc
 .text.setup    0x00000358       0x7e main.o
                0x00000358                setup
 .text._Z11setBinValueh
                0x000003d6      0x2b4 main.o
                0x000003d6                _Z11setBinValueh
 .text._Z16audioPassthroughv
                0x0000068a       0x64 main.o
                0x0000068a                _Z16audioPassthroughv
 .text._Z8startRecv
                0x000006ee       0x9c main.o
                0x000006ee                _Z8startRecv
 .text._Z22startPlayback_8bit_DACv
                0x0000078a       0x4e main.o
                0x0000078a                _Z22startPlayback_8bit_DACv
 .text.loop     0x000007d8       0x36 main.o
                0x000007d8                loop
 .text.main     0x0000080e        0xe main.o
                0x0000080e                main
 .text.__vector_16
                0x0000081c       0x90 C:\Users\neutron\Dropbox\AVR\arduino_test\arduino_test\libcore.a(wiring.c.o)
                0x0000081c                __vector_16
 .text.millis   0x000008ac       0x1c C:\Users\neutron\Dropbox\AVR\arduino_test\arduino_test\libcore.a(wiring.c.o)
                0x000008ac                millis
 .text.delayMicroseconds
                0x000008c8       0x14 C:\Users\neutron\Dropbox\AVR\arduino_test\arduino_test\libcore.a(wiring.c.o)
                0x000008c8                delayMicroseconds
 .text.init     0x000008dc       0x76 C:\Users\neutron\Dropbox\AVR\arduino_test\arduino_test\libcore.a(wiring.c.o)
                0x000008dc                init
 .text.analogReference
                0x00000952        0x6 C:\Users\neutron\Dropbox\AVR\arduino_test\arduino_test\libcore.a(wiring_analog.c.o)
                0x00000952                analogReference
 .text.analogRead
                0x00000958       0x44 C:\Users\neutron\Dropbox\AVR\arduino_test\arduino_test\libcore.a(wiring_analog.c.o)
                0x00000958                analogRead
 .text.pinMode  0x0000099c       0x7e C:\Users\neutron\Dropbox\AVR\arduino_test\arduino_test\libcore.a(wiring_digital.c.o)
                0x0000099c                pinMode
 .text.digitalWrite
                0x00000a1a       0xa8 C:\Users\neutron\Dropbox\AVR\arduino_test\arduino_test\libcore.a(wiring_digital.c.o)
                0x00000a1a                digitalWrite
 .text.digitalRead
                0x00000ac2       0xa6 C:\Users\neutron\Dropbox\AVR\arduino_test\arduino_test\libcore.a(wiring_digital.c.o)
                0x00000ac2                digitalRead
 .text.__vector_18
                0x00000b68       0x68 C:\Users\neutron\Dropbox\AVR\arduino_test\arduino_test\libcore.a(HardwareSerial.cpp.o)
                0x00000b68                __vector_18
 .text.__vector_19
                0x00000bd0       0x76 C:\Users\neutron\Dropbox\AVR\arduino_test\arduino_test\libcore.a(HardwareSerial.cpp.o)
                0x00000bd0                __vector_19
 .text._ZN14HardwareSerial5beginEm
                0x00000c46      0x10c C:\Users\neutron\Dropbox\AVR\arduino_test\arduino_test\libcore.a(HardwareSerial.cpp.o)
                0x00000c46                _ZN14HardwareSerial5beginEm
 .text._ZN14HardwareSerial9availableEv
                0x00000d52       0x22 C:\Users\neutron\Dropbox\AVR\arduino_test\arduino_test\libcore.a(HardwareSerial.cpp.o)
                0x00000d52                _ZN14HardwareSerial9availableEv
 .text._ZN14HardwareSerial4peekEv
                0x00000d74       0x40 C:\Users\neutron\Dropbox\AVR\arduino_test\arduino_test\libcore.a(HardwareSerial.cpp.o)
                0x00000d74                _ZN14HardwareSerial4peekEv
 .text._ZN14HardwareSerial4readEv
                0x00000db4       0x52 C:\Users\neutron\Dropbox\AVR\arduino_test\arduino_test\libcore.a(HardwareSerial.cpp.o)
                0x00000db4                _ZN14HardwareSerial4readEv
 .text._ZN14HardwareSerial5flushEv
                0x00000e06       0x24 C:\Users\neutron\Dropbox\AVR\arduino_test\arduino_test\libcore.a(HardwareSerial.cpp.o)
                0x00000e06                _ZN14HardwareSerial5flushEv
 .text._ZN14HardwareSerial5writeEh
                0x00000e2a       0x72 C:\Users\neutron\Dropbox\AVR\arduino_test\arduino_test\libcore.a(HardwareSerial.cpp.o)
                0x00000e2a                _ZN14HardwareSerial5writeEh
 .text._GLOBAL__I_rx_buffer
                0x00000e9c       0xa0 C:\Users\neutron\Dropbox\AVR\arduino_test\arduino_test\libcore.a(HardwareSerial.cpp.o)
 .text._ZN5Print5writeEPKhj
                0x00000f3c       0x54 C:\Users\neutron\Dropbox\AVR\arduino_test\arduino_test\libcore.a(Print.cpp.o)
                0x00000f3c                _ZN5Print5writeEPKhj
 .text._ZN5Print7printlnEv
                0x00000f90       0x40 C:\Users\neutron\Dropbox\AVR\arduino_test\arduino_test\libcore.a(Print.cpp.o)
                0x00000f90                _ZN5Print7printlnEv
 .text._ZN5Print5writeEPKc
                0x00000fd0       0x28 C:\Users\neutron\Dropbox\AVR\arduino_test\arduino_test\libcore.a(Print.cpp.o)
                0x00000fd0                _ZN5Print5writeEPKc
 .text._ZN5Print7printlnEPKc
                0x00000ff8       0x26 C:\Users\neutron\Dropbox\AVR\arduino_test\arduino_test\libcore.a(Print.cpp.o)
                0x00000ff8                _ZN5Print7printlnEPKc
 .text._Z3maplllll
                0x0000101e       0x92 C:\Users\neutron\Dropbox\AVR\arduino_test\arduino_test\libcore.a(WMath.cpp.o)
                0x0000101e                _Z3maplllll
 .text.libgcc.mul
                0x000010b0       0x20 c:/program files/atmel/atmel toolchain/avr8 gcc/native/3.4.1061/avr8-gnu-toolchain/bin/../lib/gcc/avr/4.8.1/avr5\libgcc.a(_mulsi3.o)
                0x000010b0                __mulsi3
 .text.libgcc.div
                0x000010d0       0x44 c:/program files/atmel/atmel toolchain/avr8 gcc/native/3.4.1061/avr8-gnu-toolchain/bin/../lib/gcc/avr/4.8.1/avr5\libgcc.a(_udivmodsi4.o)
                0x000010d0                __udivmodsi4
 .text.libgcc.div
                0x00001114       0x2e c:/program files/atmel/atmel toolchain/avr8 gcc/native/3.4.1061/avr8-gnu-toolchain/bin/../lib/gcc/avr/4.8.1/avr5\libgcc.a(_divmodsi4.o)
                0x00001114                __divmodsi4
 .text.libgcc.div
                0x00001142       0x10 c:/program files/atmel/atmel toolchain/avr8 gcc/native/3.4.1061/avr8-gnu-toolchain/bin/../lib/gcc/avr/4.8.1/avr5\libgcc.a(_negsi2.o)
                0x00001142                __negsi2
 .text.libgcc   0x00001152        0xc c:/program files/atmel/atmel toolchain/avr8 gcc/native/3.4.1061/avr8-gnu-toolchain/bin/../lib/gcc/avr/4.8.1/avr5\libgcc.a(_tablejump.o)
                0x00001152                __tablejump2__
                0x00001156                __tablejump__
 .text.libgcc.mul
                0x0000115e       0x16 c:/program files/atmel/atmel toolchain/avr8 gcc/native/3.4.1061/avr8-gnu-toolchain/bin/../lib/gcc/avr/4.8.1/avr5\libgcc.a(_muluhisi3.o)
                0x0000115e                __muluhisi3
 .text.libgcc.mul
                0x00001174       0x1e c:/program files/atmel/atmel toolchain/avr8 gcc/native/3.4.1061/avr8-gnu-toolchain/bin/../lib/gcc/avr/4.8.1/avr5\libgcc.a(_umulhisi3.o)
                0x00001174                __umulhisi3
                0x00001192                . = ALIGN (0x2)
 *(.fini9)
 .fini9         0x00001192        0x0 c:/program files/atmel/atmel toolchain/avr8 gcc/native/3.4.1061/avr8-gnu-toolchain/bin/../lib/gcc/avr/4.8.1/avr5\libgcc.a(_exit.o)
                0x00001192                _exit
                0x00001192                exit
 *(.fini9)
 *(.fini8)
 *(.fini8)
 *(.fini7)
 *(.fini7)
 *(.fini6)
 *(.fini6)
 *(.fini5)
 *(.fini5)
 *(.fini4)
 *(.fini4)
 *(.fini3)
 *(.fini3)
 *(.fini2)
 *(.fini2)
 *(.fini1)
 *(.fini1)
 *(.fini0)
 .fini0         0x00001192        0x4 c:/program files/atmel/atmel toolchain/avr8 gcc/native/3.4.1061/avr8-gnu-toolchain/bin/../lib/gcc/avr/4.8.1/avr5\libgcc.a(_exit.o)
 *(.fini0)
                0x00001196                _etext = .

.data           0x00800100       0x3a load address 0x00001196
                0x00800100                PROVIDE (__data_start, .)
 *(.data)
 *(.data*)
 .data.timeout_val
                0x00800100        0x2 i2c.o
                0x00800100                timeout_val
 .data.pass     0x00800102        0x2 main.o
                0x00800102                pass
 .data.playrec  0x00800104        0x2 main.o
                0x00800104                playrec
 .data.record   0x00800106        0x2 main.o
                0x00800106                record
 .data.soundIn  0x00800108        0x2 main.o
                0x00800108                soundIn
 .data.vin      0x0080010a        0x2 main.o
                0x0080010a                vin
 .data.b3       0x0080010c        0x2 main.o
                0x0080010c                b3
 .data.b2       0x0080010e        0x2 main.o
                0x0080010e                b2
 .data.b1       0x00800110        0x2 main.o
                0x00800110                b1
 .data.b0       0x00800112        0x2 main.o
                0x00800112                b0
 .data.analog_reference
                0x00800114        0x1 C:\Users\neutron\Dropbox\AVR\arduino_test\arduino_test\libcore.a(wiring_analog.c.o)
                0x00800114                analog_reference
 *(.rodata)
 *(.rodata*)
 .rodata.str1.1
                0x00800115       0x14 main.o
 .rodata._ZTV14HardwareSerial
                0x00800129       0x10 C:\Users\neutron\Dropbox\AVR\arduino_test\arduino_test\libcore.a(HardwareSerial.cpp.o)
                0x00800129                _ZTV14HardwareSerial
 *(.gnu.linkonce.d*)
                0x0080013a                . = ALIGN (0x2)
 *fill*         0x00800139        0x1 
                0x0080013a                _edata = .
                0x0080013a                PROVIDE (__data_end, .)

.bss            0x0080013a       0xb4
                0x0080013a                PROVIDE (__bss_start, .)
 *(.bss)
 *(.bss*)
 .bss.time_stamp
                0x0080013a        0x4 i2c.o
                0x0080013a                time_stamp
 .bss.timer0_overflow_count
                0x0080013e        0x4 C:\Users\neutron\Dropbox\AVR\arduino_test\arduino_test\libcore.a(wiring.c.o)
                0x0080013e                timer0_overflow_count
 .bss.timer0_millis
                0x00800142        0x4 C:\Users\neutron\Dropbox\AVR\arduino_test\arduino_test\libcore.a(wiring.c.o)
                0x00800142                timer0_millis
 .bss.timer0_fract
                0x00800146        0x1 C:\Users\neutron\Dropbox\AVR\arduino_test\arduino_test\libcore.a(wiring.c.o)
 .bss.rx_buffer
                0x00800147       0x44 C:\Users\neutron\Dropbox\AVR\arduino_test\arduino_test\libcore.a(HardwareSerial.cpp.o)
                0x00800147                rx_buffer
 .bss.tx_buffer
                0x0080018b       0x44 C:\Users\neutron\Dropbox\AVR\arduino_test\arduino_test\libcore.a(HardwareSerial.cpp.o)
                0x0080018b                tx_buffer
 .bss.Serial    0x008001cf       0x1f C:\Users\neutron\Dropbox\AVR\arduino_test\arduino_test\libcore.a(HardwareSerial.cpp.o)
                0x008001cf                Serial
 *(COMMON)
                0x008001ee                PROVIDE (__bss_end, .)
                0x00001196                __data_load_start = LOADADDR (.data)
                0x000011d0                __data_load_end = (__data_load_start + SIZEOF (.data))

.noinit         0x008001ee        0x0
                0x008001ee                PROVIDE (__noinit_start, .)
 *(.noinit*)
                0x008001ee                PROVIDE (__noinit_end, .)
                0x008001ee                _end = .
                0x008001ee                PROVIDE (__heap_start, .)

.eeprom         0x00810000        0x0
 *(.eeprom*)
                0x00810000                __eeprom_end = .

.fuse
 *(.fuse)
 *(.lfuse)
 *(.hfuse)
 *(.efuse)

.lock
 *(.lock*)

.signature
 *(.signature*)

.user_signatures
 *(.user_signatures*)

.stab
 *(.stab)

.stabstr
 *(.stabstr)

.stab.excl
 *(.stab.excl)

.stab.exclstr
 *(.stab.exclstr)

.stab.index
 *(.stab.index)

.stab.indexstr
 *(.stab.indexstr)

.comment        0x00000000       0x30
 *(.comment)
 .comment       0x00000000       0x30 i2c.o
                                 0x31 (size before relaxing)
 .comment       0x00000000       0x31 main.o

.note.gnu.build-id
 *(.note.gnu.build-id)

.debug
 *(.debug)

.line
 *(.line)

.debug_srcinfo
 *(.debug_srcinfo)

.debug_sfnames
 *(.debug_sfnames)

.debug_aranges  0x00000000      0x3a0
 *(.debug_aranges)
 .debug_aranges
                0x00000000       0x68 i2c.o
 .debug_aranges
                0x00000068       0xc8 main.o
 .debug_aranges
                0x00000130       0x48 C:\Users\neutron\Dropbox\AVR\arduino_test\arduino_test\libcore.a(wiring.c.o)
 .debug_aranges
                0x00000178       0x30 C:\Users\neutron\Dropbox\AVR\arduino_test\arduino_test\libcore.a(wiring_analog.c.o)
 .debug_aranges
                0x000001a8       0x30 C:\Users\neutron\Dropbox\AVR\arduino_test\arduino_test\libcore.a(wiring_digital.c.o)
 .debug_aranges
                0x000001d8       0x90 C:\Users\neutron\Dropbox\AVR\arduino_test\arduino_test\libcore.a(HardwareSerial.cpp.o)
 .debug_aranges
                0x00000268       0xf0 C:\Users\neutron\Dropbox\AVR\arduino_test\arduino_test\libcore.a(Print.cpp.o)
 .debug_aranges
                0x00000358       0x48 C:\Users\neutron\Dropbox\AVR\arduino_test\arduino_test\libcore.a(WMath.cpp.o)

.debug_pubnames
                0x00000000      0x5b4
 *(.debug_pubnames)
 .debug_pubnames
                0x00000000       0x8d C:\Users\neutron\Dropbox\AVR\arduino_test\arduino_test\libcore.a(wiring.c.o)
 .debug_pubnames
                0x0000008d       0x5a C:\Users\neutron\Dropbox\AVR\arduino_test\arduino_test\libcore.a(wiring_analog.c.o)
 .debug_pubnames
                0x000000e7       0xda C:\Users\neutron\Dropbox\AVR\arduino_test\arduino_test\libcore.a(wiring_digital.c.o)
 .debug_pubnames
                0x000001c1      0x19a C:\Users\neutron\Dropbox\AVR\arduino_test\arduino_test\libcore.a(HardwareSerial.cpp.o)
 .debug_pubnames
                0x0000035b      0x200 C:\Users\neutron\Dropbox\AVR\arduino_test\arduino_test\libcore.a(Print.cpp.o)
 .debug_pubnames
                0x0000055b       0x59 C:\Users\neutron\Dropbox\AVR\arduino_test\arduino_test\libcore.a(WMath.cpp.o)

.debug_info     0x00000000     0x5594
 *(.debug_info .gnu.linkonce.wi.*)
 .debug_info    0x00000000      0x538 i2c.o
 .debug_info    0x00000538     0x11e6 main.o
 .debug_info    0x0000171e      0x31c C:\Users\neutron\Dropbox\AVR\arduino_test\arduino_test\libcore.a(wiring.c.o)
 .debug_info    0x00001a3a      0x22b C:\Users\neutron\Dropbox\AVR\arduino_test\arduino_test\libcore.a(wiring_analog.c.o)
 .debug_info    0x00001c65      0x592 C:\Users\neutron\Dropbox\AVR\arduino_test\arduino_test\libcore.a(wiring_digital.c.o)
 .debug_info    0x000021f7     0x1775 C:\Users\neutron\Dropbox\AVR\arduino_test\arduino_test\libcore.a(HardwareSerial.cpp.o)
 .debug_info    0x0000396c     0x1a77 C:\Users\neutron\Dropbox\AVR\arduino_test\arduino_test\libcore.a(Print.cpp.o)
 .debug_info    0x000053e3      0x1b1 C:\Users\neutron\Dropbox\AVR\arduino_test\arduino_test\libcore.a(WMath.cpp.o)

.debug_abbrev   0x00000000     0x1103
 *(.debug_abbrev)
 .debug_abbrev  0x00000000      0x173 i2c.o
 .debug_abbrev  0x00000173      0x378 main.o
 .debug_abbrev  0x000004eb      0x17d C:\Users\neutron\Dropbox\AVR\arduino_test\arduino_test\libcore.a(wiring.c.o)
 .debug_abbrev  0x00000668      0x117 C:\Users\neutron\Dropbox\AVR\arduino_test\arduino_test\libcore.a(wiring_analog.c.o)
 .debug_abbrev  0x0000077f      0x177 C:\Users\neutron\Dropbox\AVR\arduino_test\arduino_test\libcore.a(wiring_digital.c.o)
 .debug_abbrev  0x000008f6      0x438 C:\Users\neutron\Dropbox\AVR\arduino_test\arduino_test\libcore.a(HardwareSerial.cpp.o)
 .debug_abbrev  0x00000d2e      0x336 C:\Users\neutron\Dropbox\AVR\arduino_test\arduino_test\libcore.a(Print.cpp.o)
 .debug_abbrev  0x00001064       0x9f C:\Users\neutron\Dropbox\AVR\arduino_test\arduino_test\libcore.a(WMath.cpp.o)

.debug_line     0x00000000     0x1ff6
 *(.debug_line .debug_line.* .debug_line_end)
 .debug_line    0x00000000      0x1da i2c.o
 .debug_line    0x000001da      0x400 main.o
 .debug_line    0x000005da      0x3e7 C:\Users\neutron\Dropbox\AVR\arduino_test\arduino_test\libcore.a(wiring.c.o)
 .debug_line    0x000009c1      0x2e9 C:\Users\neutron\Dropbox\AVR\arduino_test\arduino_test\libcore.a(wiring_analog.c.o)
 .debug_line    0x00000caa      0x35b C:\Users\neutron\Dropbox\AVR\arduino_test\arduino_test\libcore.a(wiring_digital.c.o)
 .debug_line    0x00001005      0x6fa C:\Users\neutron\Dropbox\AVR\arduino_test\arduino_test\libcore.a(HardwareSerial.cpp.o)
 .debug_line    0x000016ff      0x78f C:\Users\neutron\Dropbox\AVR\arduino_test\arduino_test\libcore.a(Print.cpp.o)
 .debug_line    0x00001e8e      0x168 C:\Users\neutron\Dropbox\AVR\arduino_test\arduino_test\libcore.a(WMath.cpp.o)

.debug_frame    0x00000000      0x86c
 *(.debug_frame)
 .debug_frame   0x00000000      0x194 i2c.o
 .debug_frame   0x00000194      0x2b8 main.o
 .debug_frame   0x0000044c       0x70 C:\Users\neutron\Dropbox\AVR\arduino_test\arduino_test\libcore.a(wiring.c.o)
 .debug_frame   0x000004bc       0x40 C:\Users\neutron\Dropbox\AVR\arduino_test\arduino_test\libcore.a(wiring_analog.c.o)
 .debug_frame   0x000004fc       0x40 C:\Users\neutron\Dropbox\AVR\arduino_test\arduino_test\libcore.a(wiring_digital.c.o)
 .debug_frame   0x0000053c      0x100 C:\Users\neutron\Dropbox\AVR\arduino_test\arduino_test\libcore.a(HardwareSerial.cpp.o)
 .debug_frame   0x0000063c      0x1c0 C:\Users\neutron\Dropbox\AVR\arduino_test\arduino_test\libcore.a(Print.cpp.o)
 .debug_frame   0x000007fc       0x70 C:\Users\neutron\Dropbox\AVR\arduino_test\arduino_test\libcore.a(WMath.cpp.o)

.debug_str      0x00000000     0x1904
 *(.debug_str)
 .debug_str     0x00000000      0x2c9 i2c.o
                                0x30e (size before relaxing)
 .debug_str     0x000002c9      0x3b2 main.o
                                0x624 (size before relaxing)
 .debug_str     0x0000067b       0xb5 C:\Users\neutron\Dropbox\AVR\arduino_test\arduino_test\libcore.a(wiring.c.o)
                                0x16c (size before relaxing)
 .debug_str     0x00000730       0x9e C:\Users\neutron\Dropbox\AVR\arduino_test\arduino_test\libcore.a(wiring_analog.c.o)
                                0x16a (size before relaxing)
 .debug_str     0x000007ce       0xdf C:\Users\neutron\Dropbox\AVR\arduino_test\arduino_test\libcore.a(wiring_digital.c.o)
                                0x1d7 (size before relaxing)
 .debug_str     0x000008ad      0xbb8 C:\Users\neutron\Dropbox\AVR\arduino_test\arduino_test\libcore.a(HardwareSerial.cpp.o)
                                0xd81 (size before relaxing)
 .debug_str     0x00001465      0x3b2 C:\Users\neutron\Dropbox\AVR\arduino_test\arduino_test\libcore.a(Print.cpp.o)
                                0xc09 (size before relaxing)
 .debug_str     0x00001817       0xed C:\Users\neutron\Dropbox\AVR\arduino_test\arduino_test\libcore.a(WMath.cpp.o)
                                0x12b (size before relaxing)

.debug_loc      0x00000000     0x2777
 *(.debug_loc)
 .debug_loc     0x00000000      0x5ac i2c.o
 .debug_loc     0x000005ac      0xa7a main.o
 .debug_loc     0x00001026      0x16d C:\Users\neutron\Dropbox\AVR\arduino_test\arduino_test\libcore.a(wiring.c.o)
 .debug_loc     0x00001193      0x13a C:\Users\neutron\Dropbox\AVR\arduino_test\arduino_test\libcore.a(wiring_analog.c.o)
 .debug_loc     0x000012cd      0x15e C:\Users\neutron\Dropbox\AVR\arduino_test\arduino_test\libcore.a(wiring_digital.c.o)
 .debug_loc     0x0000142b      0x37c C:\Users\neutron\Dropbox\AVR\arduino_test\arduino_test\libcore.a(HardwareSerial.cpp.o)
 .debug_loc     0x000017a7      0xd88 C:\Users\neutron\Dropbox\AVR\arduino_test\arduino_test\libcore.a(Print.cpp.o)
 .debug_loc     0x0000252f      0x248 C:\Users\neutron\Dropbox\AVR\arduino_test\arduino_test\libcore.a(WMath.cpp.o)

.debug_macinfo
 *(.debug_macinfo)

.debug_weaknames
 *(.debug_weaknames)

.debug_funcnames
 *(.debug_funcnames)

.debug_typenames
 *(.debug_typenames)

.debug_varnames
 *(.debug_varnames)

.debug_pubtypes
 *(.debug_pubtypes)

.debug_ranges   0x00000000      0x380
 *(.debug_ranges)
 .debug_ranges  0x00000000       0x58 i2c.o
 .debug_ranges  0x00000058       0xe8 main.o
 .debug_ranges  0x00000140       0x40 C:\Users\neutron\Dropbox\AVR\arduino_test\arduino_test\libcore.a(wiring.c.o)
 .debug_ranges  0x00000180       0x28 C:\Users\neutron\Dropbox\AVR\arduino_test\arduino_test\libcore.a(wiring_analog.c.o)
 .debug_ranges  0x000001a8       0x28 C:\Users\neutron\Dropbox\AVR\arduino_test\arduino_test\libcore.a(wiring_digital.c.o)
 .debug_ranges  0x000001d0       0x88 C:\Users\neutron\Dropbox\AVR\arduino_test\arduino_test\libcore.a(HardwareSerial.cpp.o)
 .debug_ranges  0x00000258       0xe8 C:\Users\neutron\Dropbox\AVR\arduino_test\arduino_test\libcore.a(Print.cpp.o)
 .debug_ranges  0x00000340       0x40 C:\Users\neutron\Dropbox\AVR\arduino_test\arduino_test\libcore.a(WMath.cpp.o)

.debug_macro
 *(.debug_macro)
OUTPUT(mydac_8bit.elf elf32-avr)
LOAD linker stubs
